[themeswow.com/themeforest/newsman/newsman/index.html]
[backblue.gif]
[fade.gif]
[index.html]
[themeswow.com/themeforest/newsman/newsman/css/app.css]
[themeswow.com/themeforest/newsman/newsman/img/f7-icon-square.png]
[themeswow.com/themeforest/newsman/newsman/img/f7-icon.png]
[themeswow.com/themeforest/newsman/newsman/img/user1.png]
[themeswow.com/themeforest/newsman/newsman/css/framework7.bundle.min.css]
[themeswow.com/themeforest/newsman/newsman/img/01.jpg]
[themeswow.com/themeforest/newsman/newsman/img/user2.png]
[themeswow.com/themeforest/newsman/newsman/img/02.jpg]
[themeswow.com/themeforest/newsman/newsman/img/user3.png]
[themeswow.com/themeforest/newsman/newsman/img/03.jpg]
[themeswow.com/themeforest/newsman/newsman/img/user4.png]
[themeswow.com/themeforest/newsman/newsman/img/04.jpg]
[themeswow.com/themeforest/newsman/newsman/img/user5.png]
[themeswow.com/themeforest/newsman/newsman/img/05.jpg]
[themeswow.com/themeforest/newsman/newsman/img/user6.png]
[themeswow.com/themeforest/newsman/newsman/img/06.jpg]
[themeswow.com/themeforest/newsman/newsman/img/user7.png]
[themeswow.com/themeforest/newsman/newsman/img/07.jpg]
[themeswow.com/themeforest/newsman/newsman/img/08.jpg]
[themeswow.com/themeforest/newsman/newsman/img/09.jpg]
[themeswow.com/themeforest/newsman/newsman/img/10.jpg]
[themeswow.com/themeforest/newsman/newsman/img/11.jpg]
[cdn.jsdelivr.net/npm/macy@2]
[themeswow.com/themeforest/newsman/newsman/js/feather.min.js]
[themeswow.com/themeforest/newsman/newsman/js/routes.js]
[themeswow.com/themeforest/newsman/newsman/js/app.js]
[themeswow.com/themeforest/newsman/newsman/index.html]
[themeswow.com/themeforest/newsman/newsman/css/framework7.bundle.min.css]
[themeswow.com/themeforest/newsman/newsman/css/app.css]
[themeswow.com/themeforest/newsman/newsman/js/framework7.bundle.min.js]
