[backblue.gif]
[fade.gif]
[index.html]
[www.hackerx.xyz/index.html]
[cdnjs.cloudflare.com/ajax/libs/jquery/2.1.3/jquery.min.js]
[www.twentyonecore.com/database/reset.min.css]
[www.twentyonecore.com/database/hackerxlogo.png]
[www.twentyonecore.com/database/user.jpg]
[www.twentyonecore.com/database/oringinal_hackerx_logo.jpg]
[www.hackerx.xyz/main/videos/trailer.mp4]
[www.hackerx.xyz/main/videos/tutorial.mp4]
[www.hackerx.xyz/main/videos/agelada1.mp4]
[www.twentyonecore.com/database/giorgikas.jpg]
[www.hackerx.xyz/main/videos/fortniteexe.mp4]
[www.hackerx.xyz/main/videos/Asteris0.mp4]
[www.twentyonecore.com/database/thumbnail.png]
[www.twentyonecore.com/database/temp_profile.jpg]
[www.twentyonecore.com/database/temp_profile2.jpg]
[www.twentyonecore.com/database/temp_profile3.jpg]
[www.twentyonecore.com/database/temp_profile4.jpg]
[www.twentyonecore.com/images/hackerxlogo.png]
[www.twentyonecore.com/database/image-removebg-preview (2).png]
[vjs.zencdn.net/5-unsafe/video.js]
[www.hackerx.xyz/main/index.html]
[cdnjs.cloudflare.com/ajax/libs/normalize/5.0.0/normalize.min.css]
[vjs.zencdn.net/5-unsafe/video-js.css]
[www.hackerx.xyz/main/script.js]
[www.hackerx.xyz/main/Cursors/cursor.png]
[www.twentyonecore.com/database/hackerxlogo3.png]
[www.twentyonecore.com/database/V3.png]
[www.hackerx.xyz/main/style.css]
[www.hackerx.xyz/main/streaming/stile.css]
[www.hackerx.xyz/main/bookmark/index.html]
[i.stack.imgur.com/YaL3s.jpg]
[replit.com/public/icons/apple-icon-180.png]
[www.hackerx.xyz/main/streaming/script.js]
[www.hackerx.xyz/main/streaming/index.html]
[www.hackerx.xyz/main/playlist/stile.css]
[www.hackerx.xyz/main/playlist/script.js]
[www.hackerx.xyz/main/playlist/index.html]
[www.hackerx.xyz/main/developers/style.css]
[www.hackerx.xyz/main/developers/portal/index.html]
[codepen.io/denic/pen/YzyPzKG.2a.delayed]
[www.hackerx.xyz/main/developers/index.html]
[www.hackerx.xyz/main/developers/script.js]
[www.hackerx.xyz/main/xbot/assets/css/main.css]
[www.hackerx.xyz/main/xbot/index-2.html]
[www.hackerx.xyz/dashboard/index.html]
[www.hackerx.xyz/main/xbot/assets/img/about-visual.png]
[ajax.googleapis.com/ajax/libs/jquery/2.1.3/jquery.min.js]
[www.hackerx.xyz/main/xbot/dashboard/index.html]
[www.hackerx.xyz/logs/index.html]
[www.hackerx.xyz/main/xbot/assets/js/vendor/jquery-2.2.4.min.js]
[www.hackerx.xyz/main/xbot/assets/js/functions-min.js]
[www.hackerx.xyz/main/xbot/index.html]
[www.hackerx.xyz/main/[01221].html]
[www.hackerx.xyz/main/xbot/assets/js/rocket-loader.min.js]
[codepen.io/denic/pen/YzyPzKG.35.delayed]
[cdnjs.cloudflare.com/ajax/libs/font-awesome/4.7.0/css/font-awesome.min.css]
[www.hackerx.xyz/main/XGames/Select/index.html]
[www.hackerx.xyz/main/XGames/index.html]
[www.hackerx.xyz/main/XGames/style.css]
[media.discordapp.net/attachments/753365057114734674/852884253221060619/Untitled-1.jpg]
[www.hackerx.xyz/main/cytronsite/main/index.html]
[www.hackerx.xyz/main/cytronsite/style.css]
[cdnjs.cloudflare.com/ajax/libs/jquery/2.2.2/jquery.min.js]
[www.hackerx.xyz/main/cytronsite/index.html]
[www.hackerx.xyz/main/cytronsite/script.js]
[database.twentysix1.repl.co/assets/V3.png]
[www.hackerx.xyz/main/streaming/stile.css]
[www.hackerx.xyz/main/bookmark/stile.css]
[www.hackerx.xyz/main/bookmark/script.js]
[www.hackerx.xyz/main/bookmark/index.html]
[www.hackerx.xyz/main/streaming/script.html]
[www.hackerx.xyz/main/playlist/stile.css]
[www.hackerx.xyz/main/playlist/script.html]
[cdnjs.cloudflare.com/ajax/libs/twitter-bootstrap/4.5.0/css/bootstrap.min.css]
[unicons.iconscout.com/release/v2.1.9/css/unicons.css]
[www.hackerx.xyz/main/developers/portal/style.css]
[www.hackerx.xyz/main/developers/portal/forgot/index.html]
[www.hackerx.xyz/main/developers/portal/index.html]
[www.hackerx.xyz/main/developers/style.css]
[codepen.io/denic/pen/YzyPzKG.html]
[www.hackerx.xyz/main/developers/portal/script.js]
[www.hackerx.xyz/main/xbot/assets/css/fonts/Montserrat-Black.eot]
[www.hackerx.xyz/main/xbot/assets/css/fonts/Montserrat-Black.woff]
[www.hackerx.xyz/main/xbot/assets/css/fonts/Montserrat-Black.ttf]
[www.hackerx.xyz/main/xbot/assets/css/fonts/Montserrat-Black.svg]
[www.hackerx.xyz/main/xbot/assets/css/fonts/Montserrat-Bold.eot]
[www.hackerx.xyz/main/xbot/assets/css/fonts/Montserrat-Bold.woff]
[www.hackerx.xyz/main/xbot/assets/css/fonts/Montserrat-Bold.ttf]
[www.hackerx.xyz/main/xbot/assets/css/fonts/Montserrat-Bold.svg]
[www.hackerx.xyz/main/xbot/assets/css/fonts/Montserrat-Regular.eot]
[www.hackerx.xyz/main/xbot/assets/css/fonts/Montserrat-Regular.woff]
[www.hackerx.xyz/main/xbot/assets/css/fonts/Montserrat-Regular.ttf]
[www.hackerx.xyz/main/xbot/assets/css/fonts/Montserrat-Regular.svg]
[www.hackerx.xyz/main/xbot/assets/css/fonts/Montserrat-Light.eot]
[www.hackerx.xyz/main/xbot/assets/css/fonts/Montserrat-Light.woff]
[www.hackerx.xyz/main/xbot/assets/css/fonts/Montserrat-Light.ttf]
[www.hackerx.xyz/main/xbot/assets/css/fonts/Montserrat-Light.svg]
[www.hackerx.xyz/main/xbot/assets/img/contact-visual.png]
[www.hackerx.xyz/main/xbot/assets/css/main.css]
[www.hackerx.xyz/dashboard/index.html]
[www.hackerx.xyz/main/xbot/index-2.html]
[www.hackerx.xyz/main/xbot/dashboard/style.css]
[i.ibb.co/2jKXddF/hackerxlogo.png]
[cdnjs.cloudflare.com/ajax/libs/jquery/2.2.4/jquery.min.js]
[www.hackerx.xyz/dashboard/assets/icon.png]
[www.hackerx.xyz/dashboard/assets/hackerxbot.png]
[www.hackerx.xyz/main/xbot/dashboard/commands/index.html]
[www.hackerx.xyz/main/xbot/dashboard/src/index.html]
[www.hackerx.xyz/main/xbot/dashboard/index.html]
[www.hackerx.xyz/logs/index.html]
[www.hackerx.xyz/main/xbot/dashboard/script.js]
[www.hackerx.xyz/main/xbot/logs/index.html]
[www.hackerx.xyz/main/XGames/Select/style.css]
[www.hackerx.xyz/main/XGames/Select/index.html]
[codepen.io/denic/pen/YzyPzKG-2.html]
[cdnjs.cloudflare.com/ajax/libs/font-awesome/4.7.0/css/font-awesome.min.css]
[www.hackerx.xyz/main/XGames/style.css]
[www.hackerx.xyz/main/XGames/Games/Keyboard Hero/index.html]
[www.hackerx.xyz/main/XGames/Games/Stack/index.html]
[www.hackerx.xyz/main/XGames/Games/kill-the-kingvue/index.html]
[www.hackerx.xyz/main/XGames/Games/pong-game/index.html]
[www.hackerx.xyz/main/XGames/Games/Paralax/index.html]
[www.hackerx.xyz/main/XGames/Games/Skate/index.html]
[www.hackerx.xyz/main/cytronsite/main/main.css]
[www.hackerx.xyz/main/XGames/Select/loading/index.html]
[www.hackerx.xyz/cytronsite/apple-touch-icon.png]
[www.hackerx.xyz/main/cytronsite/main/index-2.html]
[www.hackerx.xyz/cytronsite/labymod]
[www.hackerx.xyz/404/index.html]
[www.hackerx.xyz/cytronsite/dev/index.html]
[www.hackerx.xyz/main/cytronsite/main/2.html]
[i.ibb.co/bvmygcp/cytronnn.jpg]
[fiverr-res.cloudinary.com/images/q_auto,f_auto/gigs/140139160/original/21eb64830829e6f8a5a3499ed213925ee9267c4c/create-a-custom-minecraft-map.jpg]
[www.hackerx.xyz/cytronsite/instructions/index.html]
[www.hackerx.xyz/cytronsite/cytronpack/index.html]
[media.discordapp.net/attachments/753365057114734674/852880521159901224/Cytron_Rp_Server_logo_minecraft.jpg]
[media.discordapp.net/attachments/688790479910862862/859428544765493248/unnamed.jpg]
[media.discordapp.net/attachments/688790479910862862/859428363013718046/Original_HACKER_X_LOGO_png_BRIGHTEN.jpg]
[www.hackerx.xyz/404]
[i.ibb.co/DM1CPph/Original-HACKER-X-LOGO-png-BRIGHTEN.jpg]
[www.hackerx.xyz/cytronsite/404/index.html]
[media.discordapp.net/attachments/753365057114734674/859434206160748574/unknown.png]
[i.ibb.co/jL5jprj/0ba3d60362c7e6d256cfc1f37156bad9.jpg]
[www.hackerx.xyz/main/cytronsite/main/index.html]
[cdn.jsdelivr.net/gh/alpinejs/alpine@v1.9.4/dist/alpine.js]
[www.hackerx.xyz/main/cytronsite/style.css]
[www.hackerx.xyz/main/bookmark/stile.css]
[www.hackerx.xyz/main/bookmark/script.html]
[cdnjs.cloudflare.com/ajax/libs/twitter-bootstrap/4.5.0/css/bootstrap.min.css]
[unicons.iconscout.com/release/v2.1.9/css/unicons.css]
[www.hackerx.xyz/main/developers/portal/style.css]
[www.hackerx.xyz/main/developers/portal/forgot/style.6f.delayed]
[use.fontawesome.com/releases/v5.13.0/css/all.css]
[cdn.pngsumo.com/code-icon-free-of-font-awesome-icons-code-icon-png-512_512.png]
[ajax.googleapis.com/ajax/libs/jquery/3.5.1/jquery.min.js]
[www.hackerx.xyz/main/developers/portal/forgot/script.js]
[www.hackerx.xyz/main/developers/portal/forgot/index.html]
[www.hackerx.xyz/main/xbot/assets/css/fonts/Montserrat-Black.svg]
[www.hackerx.xyz/main/xbot/assets/css/fonts/Montserrat-Bold.svg]
[www.hackerx.xyz/main/xbot/assets/css/fonts/Montserrat-Regular.svg]
[www.hackerx.xyz/main/xbot/assets/css/fonts/Montserrat-Light.svg]
[www.hackerx.xyz/main/developers/portal/forgot/done.html]
[www.hackerx.xyz/main/xbot/dashboard/assets/banner3.jpg]
[www.transparenttextures.com/patterns/cubes.png]
[www.hackerx.xyz/main/xbot/dashboard/style.css]
[www.hackerx.xyz/main/xbot/dashboard/commands/style.css]
[www.hackerx.xyz/main/xbot/dashboard/commands/index.html]
[www.hackerx.xyz/main/xbot/dashboard/commands/script.js]
[www.hackerx.xyz/main/xbot/dashboard/src/style.css]
[www.hackerx.xyz/main/xbot/dashboard/assets/icon.png]
[www.hackerx.xyz/main/xbot/dashboard/src/script.js]
[www.hackerx.xyz/main/xbot/dashboard/src/index.html]
[www.hackerx.xyz/dashboard/assets/icon.html]
[www.hackerx.xyz/main/xbot/logs/style.css]
[www.hackerx.xyz/Photos/apple-touch-icon.png]
[www.hackerx.xyz/main/xbot/logs/script.js]
[cdn.jsdelivr.net/gh/Alorel/console-log-html@master/console-log-html.min.js]
[www.hackerx.xyz/main/xbot/logs/hackerxbot.log]
[www.hackerx.xyz/main/xbot/logs/hackerxbotold.log]
[www.hackerx.xyz/main/xbot/logs/index.html]
[www.hackerx.xyz/dashboard/assets/hackerxbot.html]
[www.hackerx.xyz/main/XGames/Select/style.css]
[www.hackerx.xyz/main/xbot/logs/bot.log]
[cdnjs.cloudflare.com/ajax/libs/meyer-reset/2.0/reset.min.css]
[www.hackerx.xyz/main/XGames/Games/Keyboard Hero/style.css]
[www.hackerx.xyz/main/XGames/Games/Keyboard Hero/index.html]
[www.hackerx.xyz/main/XGames/Games/Keyboard Hero/script.js]
[www.hackerx.xyz/main/XGames/Games/kill-the-kingvue/style.css]
[assets.codepen.io/217233/ktkLogo.png]
[assets.codepen.io/217233/kingTrost.png]
[assets.codepen.io/217233/ktkXpIxon.png]
[assets.codepen.io/217233/ktkSfxButton.png]
[assets.codepen.io/217233/ktkBgButton.png]
[assets.codepen.io/217233/ktkTimerBg.png]
[assets.codepen.io/217233/ktkStrengthIcon.png]
[assets.codepen.io/217233/ktkKnowledgeIcon.png]
[assets.codepen.io/217233/ktkSpeedIcon.png]
[cdnjs.cloudflare.com/ajax/libs/vue/2.6.9/vue.min.js]
[www.hackerx.xyz/main/XGames/Games/kill-the-kingvue/index.html]
[www.hackerx.xyz/main/XGames/Games/kill-the-kingvue/script.js]
[www.hackerx.xyz/main/XGames/Games/Stack/style.css]
[codepen.io/ste-vg/pen/zBVakw.95.delayed]
[cdnjs.cloudflare.com/ajax/libs/three.js/r83/three.min.js]
[cdnjs.cloudflare.com/ajax/libs/gsap/latest/TweenMax.min.js]
[www.hackerx.xyz/main/XGames/Games/Stack/index.html]
[www.hackerx.xyz/main/XGames/Games/Stack/script.js]
[www.hackerx.xyz/main/XGames/Games/pong-game/index.html]
[www.hackerx.xyz/main/XGames/Games/pong-game/script.js]
[www.hackerx.xyz/main/XGames/Games/Paralax/style.css]
[cdnjs.cloudflare.com/ajax/libs/react/16.13.1/umd/react.production.min.js]
[cdnjs.cloudflare.com/ajax/libs/react-dom/16.13.1/umd/react-dom.production.min.js]
[cdnjs.cloudflare.com/ajax/libs/animejs/3.1.0/anime.min.js]
[www.hackerx.xyz/main/XGames/Games/Paralax/index.html]
[www.hackerx.xyz/main/XGames/Games/Paralax/script.js]
[www.hackerx.xyz/main/XGames/Games/Skate/style.css]
[unpkg.com/gsap@3/dist/gsap.min.a2.delayed]
[unpkg.com/gsap@3.10.2/dist/gsap.min.js]
[www.hackerx.xyz/main/XGames/Games/Skate/index.html]
[www.hackerx.xyz/main/XGames/Games/Skate/script.js]
[www.hackerx.xyz/XGames/Select/style.a5.delayed]
[www.hackerx.xyz/main/XGames/Select/loading/index.html]
[www.hackerx.xyz/main/cytronsite/main/main.css]
[www.hackerx.xyz/cytronsite/apple-touch-icon.html]
[www.hackerx.xyz/main/cytronsite/main/index-2.html]
[www.hackerx.xyz/404/index.html]
[www.hackerx.xyz/cytronsite/labymod.html]
[www.hackerx.xyz/cytronsite/dev/index.html]
[www.hackerx.xyz/main/cytronsite/main/2.css]
[www.hackerx.xyz/main/cytronsite/main/apple-touch-icon.png]
[www.hackerx.xyz/main/cytronsite/main/2.html]
[www.hackerx.xyz/cytronsite/instructions/index.html]
[www.hackerx.xyz/cytronsite/cytronpack/index.html]
[www.hackerx.xyz/404.html]
[www.hackerx.xyz/cytronsite/404/index.html]
[www.hackerx.xyz/main/developers/portal/forgot/style.html]
[use.fontawesome.com/releases/v5.13.0/css/all.css]
[www.hackerx.xyz/main/developers/portal/forgot/script.html]
[www.hackerx.xyz/main/developers/portal/forgot/POST]
[www.hackerx.xyz/main/developers/portal/forgot/done.html]
[hackerxbot.myvnc.com/dashboard/assets/hackerxbot.png]
[hackerxbot.myvnc.com/dashboard/assets/hackerx.png]
[www.hackerx.xyz/main/xbot/dashboard/commands/style.css]
[www.hackerx.xyz/main/xbot/dashboard/src/style.css]
[www.hackerx.xyz/main/xbot/dashboard/src/script.html]
[www.hackerx.xyz/main/xbot/logs/style.html]
[cdnjs.cloudflare.com/ajax/libs/meyer-reset/2.0/reset.min.css]
[www.hackerx.xyz/main/XGames/Games/Keyboard Hero/style.css]
[assets.codepen.io/217233/ssBg.png]
[assets.codepen.io/217233/ktkProgressInner.png]
[assets.codepen.io/217233/ktkProgressOuter.png]
[assets.codepen.io/217233/ktkStageLocked.png]
[assets.codepen.io/217233/ktkStageComplete.png]
[assets.codepen.io/217233/ssEnemyIdle_1.png]
[assets.codepen.io/217233/ktkTrostIdle.png]
[assets.codepen.io/217233/ktkEnemyHealth.png]
[assets.codepen.io/217233/ktkEnemyHealthInner.png]
[assets.codepen.io/217233/ssIdle.png]
[assets.codepen.io/217233/ssAttack1.png]
[assets.codepen.io/217233/ktkTrostHit.png]
[assets.codepen.io/217233/ktkTrostKilled.png]
[assets.codepen.io/217233/ssEnemyHit_1.png]
[assets.codepen.io/217233/ssEnemyDeath_1.png]
[www.hackerx.xyz/main/XGames/Games/kill-the-kingvue/style.css]
[www.hackerx.xyz/main/XGames/Games/Stack/style.css]
[codepen.io/ste-vg/pen/zBVakw.html]
[www.hackerx.xyz/main/XGames/Games/pong-game/style.css]
[www.hackerx.xyz/main/XGames/Games/Paralax/style.css]
[www.hackerx.xyz/main/XGames/Games/Skate/style.css]
[www.hackerx.xyz/XGames/Select/style.html]
[www.hackerx.xyz/Cursors/cursor.png]
[www.hackerx.xyz/main/cytronsite/main/2.css]
[www.hackerx.xyz/main/cytronsite/main/apple-touch-icon.html]
[www.hackerx.xyz/main/developers/portal/forgot/POST.html]
[hackerxbot.myvnc.com/dashboard/assets/banneroringinal.jpg]
[assets.codepen.io/217233/ktkTrostKilled.png]
[www.hackerx.xyz/Cursors/cursor.html]
