[www.hackerx.xyz/index.html]
[backblue.gif]
[fade.gif]
[index.html]
[www.hackerx.xyz/main/index.html]
[www.hackerx.xyz/index.html]
[www.twentyonecore.com/database/reset.min.css]
[cdnjs.cloudflare.com/ajax/libs/jquery/2.1.3/jquery.min.js]
[cdnjs.cloudflare.com/ajax/libs/normalize/5.0.0/normalize.min.css]
[vjs.zencdn.net/5-unsafe/video-js.css]
[www.hackerx.xyz/main/style.css]
[www.twentyonecore.com/database/hackerxlogo.png]
[www.hackerx.xyz/main/xbot/index.html]
[www.hackerx.xyz/main/playlist/index.html]
[www.hackerx.xyz/main/developers/index.html]
[www.hackerx.xyz/main/[01221]]
[www.hackerx.xyz/main/streaming/index.html]
[www.hackerx.xyz/main/XGames/index.html]
[www.hackerx.xyz/main/cytronsite/index.html]
[www.twentyonecore.com/database/user.jpg]
[www.twentyonecore.com/database/oringinal_hackerx_logo.jpg]
[www.hackerx.xyz/main/videos/trailer.mp4]
[www.hackerx.xyz/main/videos/tutorial.mp4]
[www.hackerx.xyz/main/videos/agelada1.mp4]
[www.twentyonecore.com/database/giorgikas.jpg]
[www.hackerx.xyz/main/videos/fortniteexe.mp4]
[www.hackerx.xyz/main/videos/Asteris0.mp4]
